Flow report for aes_quartus
Sun Nov 11 12:29:13 2018
Quartus II Version 8.1 Build 163 10/28/2008 SJ Web Edition


---------------------
; Table of Contents ;
---------------------
  1. Legal Notice
  2. Flow Summary
  3. Flow Settings
  4. Flow Non-Default Global Settings
  5. Flow Elapsed Time
  6. Flow OS Summary
  7. Flow Log



----------------
; Legal Notice ;
----------------
Copyright (C) 1991-2008 Altera Corporation
Your use of Altera Corporation's design tools, logic functions 
and other software and tools, and its AMPP partner logic 
functions, and any output files from any of the foregoing 
(including device programming or simulation files), and any 
associated documentation or information are expressly subject 
to the terms and conditions of the Altera Program License 
Subscription Agreement, Altera MegaCore Function License 
Agreement, or other applicable license agreement, including, 
without limitation, that your use is for the sole purpose of 
programming logic devices manufactured by Altera and sold by 
Altera or its authorized distributors.  Please refer to the 
applicable agreement for further details.



+-------------------------------------------------------------------+
; Flow Summary                                                      ;
+-------------------------+-----------------------------------------+
; Flow Status             ; Flow Failed - Sun Nov 11 12:29:13 2018  ;
; Quartus II Version      ; 8.1 Build 163 10/28/2008 SJ Web Edition ;
; Revision Name           ; aes_quartus                             ;
; Top-level Entity Name   ; aes_quartus                             ;
; Family                  ; APEX20KE                                ;
; Device                  ; EP20K160EFC484-1                        ;
; Timing Models           ; Final                                   ;
; Met timing requirements ; N/A                                     ;
; Total logic elements    ; 8,274 / 6,400 ( 129 % )                 ;
; Total pins              ; 259 / 316 ( 82 % )                      ;
; Total virtual pins      ; 0                                       ;
; Total memory bits       ; 1,920 / 81,920 ( 2 % )                  ;
; Total PLLs              ; 0                                       ;
+-------------------------+-----------------------------------------+


+-----------------------------------------+
; Flow Settings                           ;
+-------------------+---------------------+
; Option            ; Setting             ;
+-------------------+---------------------+
; Start date & time ; 11/11/2018 12:27:17 ;
; Main task         ; Compilation         ;
; Revision Name     ; aes_quartus         ;
+-------------------+---------------------+


+---------------------------------------------------------------------------------------------------------------------------------------------------+
; Flow Non-Default Global Settings                                                                                                                  ;
+------------------------------------+------------------------------------------------+------------------------------+-------------+----------------+
; Assignment Name                    ; Value                                          ; Default Value                ; Entity Name ; Section Id     ;
+------------------------------------+------------------------------------------------+------------------------------+-------------+----------------+
; COMPILER_SIGNATURE_ID              ; 622599575416.154192483714812                   ; --                           ; --          ; --             ;
; FITTER_EFFORT                      ; Standard Fit                                   ; Auto Fit                     ; --          ; --             ;
; INCREMENTAL_COMPILATION            ; Off                                            ; FULL_INCREMENTAL_COMPILATION ; --          ; --             ;
; IP_TOOL_NAME                       ; LPM_FF                                         ; --                           ; --          ; --             ;
; IP_TOOL_NAME                       ; LPM_FF                                         ; --                           ; --          ; --             ;
; IP_TOOL_NAME                       ; LPM_COUNTER                                    ; --                           ; --          ; --             ;
; IP_TOOL_NAME                       ; LPM_COMPARE                                    ; --                           ; --          ; --             ;
; IP_TOOL_NAME                       ; LPM_DECODE                                     ; --                           ; --          ; --             ;
; IP_TOOL_NAME                       ; LPM_FF                                         ; --                           ; --          ; --             ;
; IP_TOOL_NAME                       ; LPM_FF                                         ; --                           ; --          ; --             ;
; IP_TOOL_NAME                       ; LPM_FF                                         ; --                           ; --          ; --             ;
; IP_TOOL_NAME                       ; LPM_COUNTER                                    ; --                           ; --          ; --             ;
; IP_TOOL_NAME                       ; LPM_COMPARE                                    ; --                           ; --          ; --             ;
; IP_TOOL_NAME                       ; LPM_DECODE                                     ; --                           ; --          ; --             ;
; IP_TOOL_NAME                       ; LPM_COUNTER                                    ; --                           ; --          ; --             ;
; IP_TOOL_NAME                       ; LPM_MUX                                        ; --                           ; --          ; --             ;
; IP_TOOL_NAME                       ; ALTCLKLOCK                                     ; --                           ; --          ; --             ;
; IP_TOOL_NAME                       ; LPM_CONSTANT                                   ; --                           ; --          ; --             ;
; IP_TOOL_NAME                       ; LPM_DECODE                                     ; --                           ; --          ; --             ;
; IP_TOOL_NAME                       ; LPM_AND                                        ; --                           ; --          ; --             ;
; IP_TOOL_NAME                       ; LPM_ROM                                        ; --                           ; --          ; --             ;
; IP_TOOL_NAME                       ; LPM_FF                                         ; --                           ; --          ; --             ;
; IP_TOOL_NAME                       ; LPM_COUNTER                                    ; --                           ; --          ; --             ;
; IP_TOOL_NAME                       ; LPM_FF                                         ; --                           ; --          ; --             ;
; IP_TOOL_NAME                       ; LPM_ROM                                        ; --                           ; --          ; --             ;
; IP_TOOL_NAME                       ; LPM_ADD_SUB                                    ; --                           ; --          ; --             ;
; IP_TOOL_NAME                       ; LPM_XOR                                        ; --                           ; --          ; --             ;
; IP_TOOL_NAME                       ; LPM_MULT                                       ; --                           ; --          ; --             ;
; IP_TOOL_NAME                       ; LPM_FF                                         ; --                           ; --          ; --             ;
; IP_TOOL_NAME                       ; LPM_CONSTANT                                   ; --                           ; --          ; --             ;
; IP_TOOL_NAME                       ; LPM_MULT                                       ; --                           ; --          ; --             ;
; IP_TOOL_NAME                       ; LPM_MULT                                       ; --                           ; --          ; --             ;
; IP_TOOL_NAME                       ; LPM_ADD_SUB                                    ; --                           ; --          ; --             ;
; IP_TOOL_NAME                       ; LPM_MULT                                       ; --                           ; --          ; --             ;
; IP_TOOL_NAME                       ; LPM_CONSTANT                                   ; --                           ; --          ; --             ;
; IP_TOOL_NAME                       ; LPM_MULT                                       ; --                           ; --          ; --             ;
; IP_TOOL_NAME                       ; LPM_ADD_SUB                                    ; --                           ; --          ; --             ;
; IP_TOOL_NAME                       ; LPM_ADD_SUB                                    ; --                           ; --          ; --             ;
; IP_TOOL_NAME                       ; LPM_ADD_SUB                                    ; --                           ; --          ; --             ;
; IP_TOOL_NAME                       ; LPM_ADD_SUB                                    ; --                           ; --          ; --             ;
; IP_TOOL_NAME                       ; LPM_ADD_SUB                                    ; --                           ; --          ; --             ;
; IP_TOOL_NAME                       ; LPM_ADD_SUB                                    ; --                           ; --          ; --             ;
; IP_TOOL_NAME                       ; LPM_OR                                         ; --                           ; --          ; --             ;
; IP_TOOL_NAME                       ; LPM_XOR                                        ; --                           ; --          ; --             ;
; IP_TOOL_NAME                       ; LPM_ADD_SUB                                    ; --                           ; --          ; --             ;
; IP_TOOL_NAME                       ; LPM_ADD_SUB                                    ; --                           ; --          ; --             ;
; IP_TOOL_NAME                       ; LPM_ADD_SUB                                    ; --                           ; --          ; --             ;
; IP_TOOL_NAME                       ; LPM_ADD_SUB                                    ; --                           ; --          ; --             ;
; IP_TOOL_NAME                       ; LPM_ADD_SUB                                    ; --                           ; --          ; --             ;
; IP_TOOL_NAME                       ; LPM_ADD_SUB                                    ; --                           ; --          ; --             ;
; IP_TOOL_NAME                       ; LPM_ADD_SUB                                    ; --                           ; --          ; --             ;
; IP_TOOL_NAME                       ; LPM_ADD_SUB                                    ; --                           ; --          ; --             ;
; IP_TOOL_NAME                       ; LPM_ADD_SUB                                    ; --                           ; --          ; --             ;
; IP_TOOL_NAME                       ; LPM_ADD_SUB                                    ; --                           ; --          ; --             ;
; IP_TOOL_NAME                       ; LPM_ADD_SUB                                    ; --                           ; --          ; --             ;
; IP_TOOL_NAME                       ; LPM_ADD_SUB                                    ; --                           ; --          ; --             ;
; IP_TOOL_NAME                       ; LPM_ADD_SUB                                    ; --                           ; --          ; --             ;
; IP_TOOL_NAME                       ; LPM_ADD_SUB                                    ; --                           ; --          ; --             ;
; IP_TOOL_NAME                       ; LPM_CONSTANT                                   ; --                           ; --          ; --             ;
; IP_TOOL_NAME                       ; LPM_COMPARE                                    ; --                           ; --          ; --             ;
; IP_TOOL_NAME                       ; LPM_FF                                         ; --                           ; --          ; --             ;
; IP_TOOL_NAME                       ; LPM_FF                                         ; --                           ; --          ; --             ;
; IP_TOOL_NAME                       ; LPM_SHIFTREG                                   ; --                           ; --          ; --             ;
; IP_TOOL_NAME                       ; LPM_CLSHIFT                                    ; --                           ; --          ; --             ;
; IP_TOOL_NAME                       ; LPM_CONSTANT                                   ; --                           ; --          ; --             ;
; IP_TOOL_NAME                       ; LPM_XOR                                        ; --                           ; --          ; --             ;
; IP_TOOL_NAME                       ; LPM_MUX                                        ; --                           ; --          ; --             ;
; IP_TOOL_NAME                       ; LPM_CONSTANT                                   ; --                           ; --          ; --             ;
; IP_TOOL_NAME                       ; LPM_CONSTANT                                   ; --                           ; --          ; --             ;
; IP_TOOL_NAME                       ; LPM_FF                                         ; --                           ; --          ; --             ;
; IP_TOOL_NAME                       ; LPM_FF                                         ; --                           ; --          ; --             ;
; IP_TOOL_NAME                       ; LPM_FF                                         ; --                           ; --          ; --             ;
; IP_TOOL_NAME                       ; LPM_CONSTANT                                   ; --                           ; --          ; --             ;
; IP_TOOL_NAME                       ; LPM_CONSTANT                                   ; --                           ; --          ; --             ;
; IP_TOOL_NAME                       ; LPM_XOR                                        ; --                           ; --          ; --             ;
; IP_TOOL_NAME                       ; LPM_XOR                                        ; --                           ; --          ; --             ;
; IP_TOOL_NAME                       ; LPM_CONSTANT                                   ; --                           ; --          ; --             ;
; IP_TOOL_VERSION                    ; 8.1                                            ; --                           ; --          ; --             ;
; IP_TOOL_VERSION                    ; 8.1                                            ; --                           ; --          ; --             ;
; IP_TOOL_VERSION                    ; 8.1                                            ; --                           ; --          ; --             ;
; IP_TOOL_VERSION                    ; 8.1                                            ; --                           ; --          ; --             ;
; IP_TOOL_VERSION                    ; 8.1                                            ; --                           ; --          ; --             ;
; IP_TOOL_VERSION                    ; 8.1                                            ; --                           ; --          ; --             ;
; IP_TOOL_VERSION                    ; 8.1                                            ; --                           ; --          ; --             ;
; IP_TOOL_VERSION                    ; 8.1                                            ; --                           ; --          ; --             ;
; IP_TOOL_VERSION                    ; 8.1                                            ; --                           ; --          ; --             ;
; IP_TOOL_VERSION                    ; 8.1                                            ; --                           ; --          ; --             ;
; IP_TOOL_VERSION                    ; 8.1                                            ; --                           ; --          ; --             ;
; IP_TOOL_VERSION                    ; 8.1                                            ; --                           ; --          ; --             ;
; IP_TOOL_VERSION                    ; 8.1                                            ; --                           ; --          ; --             ;
; IP_TOOL_VERSION                    ; 8.1                                            ; --                           ; --          ; --             ;
; IP_TOOL_VERSION                    ; 8.1                                            ; --                           ; --          ; --             ;
; IP_TOOL_VERSION                    ; 8.1                                            ; --                           ; --          ; --             ;
; IP_TOOL_VERSION                    ; 8.1                                            ; --                           ; --          ; --             ;
; IP_TOOL_VERSION                    ; 8.1                                            ; --                           ; --          ; --             ;
; IP_TOOL_VERSION                    ; 8.1                                            ; --                           ; --          ; --             ;
; IP_TOOL_VERSION                    ; 8.1                                            ; --                           ; --          ; --             ;
; IP_TOOL_VERSION                    ; 8.1                                            ; --                           ; --          ; --             ;
; IP_TOOL_VERSION                    ; 8.1                                            ; --                           ; --          ; --             ;
; IP_TOOL_VERSION                    ; 8.1                                            ; --                           ; --          ; --             ;
; IP_TOOL_VERSION                    ; 8.1                                            ; --                           ; --          ; --             ;
; IP_TOOL_VERSION                    ; 8.1                                            ; --                           ; --          ; --             ;
; IP_TOOL_VERSION                    ; 8.1                                            ; --                           ; --          ; --             ;
; IP_TOOL_VERSION                    ; 8.1                                            ; --                           ; --          ; --             ;
; IP_TOOL_VERSION                    ; 8.1                                            ; --                           ; --          ; --             ;
; IP_TOOL_VERSION                    ; 8.1                                            ; --                           ; --          ; --             ;
; IP_TOOL_VERSION                    ; 8.1                                            ; --                           ; --          ; --             ;
; IP_TOOL_VERSION                    ; 8.1                                            ; --                           ; --          ; --             ;
; IP_TOOL_VERSION                    ; 8.1                                            ; --                           ; --          ; --             ;
; IP_TOOL_VERSION                    ; 8.1                                            ; --                           ; --          ; --             ;
; IP_TOOL_VERSION                    ; 8.1                                            ; --                           ; --          ; --             ;
; IP_TOOL_VERSION                    ; 8.1                                            ; --                           ; --          ; --             ;
; IP_TOOL_VERSION                    ; 8.1                                            ; --                           ; --          ; --             ;
; IP_TOOL_VERSION                    ; 8.1                                            ; --                           ; --          ; --             ;
; IP_TOOL_VERSION                    ; 8.1                                            ; --                           ; --          ; --             ;
; IP_TOOL_VERSION                    ; 8.1                                            ; --                           ; --          ; --             ;
; IP_TOOL_VERSION                    ; 8.1                                            ; --                           ; --          ; --             ;
; IP_TOOL_VERSION                    ; 8.1                                            ; --                           ; --          ; --             ;
; IP_TOOL_VERSION                    ; 8.1                                            ; --                           ; --          ; --             ;
; IP_TOOL_VERSION                    ; 8.1                                            ; --                           ; --          ; --             ;
; IP_TOOL_VERSION                    ; 8.1                                            ; --                           ; --          ; --             ;
; IP_TOOL_VERSION                    ; 8.1                                            ; --                           ; --          ; --             ;
; IP_TOOL_VERSION                    ; 8.1                                            ; --                           ; --          ; --             ;
; IP_TOOL_VERSION                    ; 8.1                                            ; --                           ; --          ; --             ;
; IP_TOOL_VERSION                    ; 8.1                                            ; --                           ; --          ; --             ;
; IP_TOOL_VERSION                    ; 8.1                                            ; --                           ; --          ; --             ;
; IP_TOOL_VERSION                    ; 8.1                                            ; --                           ; --          ; --             ;
; IP_TOOL_VERSION                    ; 8.1                                            ; --                           ; --          ; --             ;
; IP_TOOL_VERSION                    ; 8.1                                            ; --                           ; --          ; --             ;
; IP_TOOL_VERSION                    ; 8.1                                            ; --                           ; --          ; --             ;
; IP_TOOL_VERSION                    ; 8.1                                            ; --                           ; --          ; --             ;
; IP_TOOL_VERSION                    ; 8.1                                            ; --                           ; --          ; --             ;
; IP_TOOL_VERSION                    ; 8.1                                            ; --                           ; --          ; --             ;
; IP_TOOL_VERSION                    ; 8.1                                            ; --                           ; --          ; --             ;
; IP_TOOL_VERSION                    ; 8.1                                            ; --                           ; --          ; --             ;
; IP_TOOL_VERSION                    ; 8.1                                            ; --                           ; --          ; --             ;
; IP_TOOL_VERSION                    ; 8.1                                            ; --                           ; --          ; --             ;
; IP_TOOL_VERSION                    ; 8.1                                            ; --                           ; --          ; --             ;
; IP_TOOL_VERSION                    ; 8.1                                            ; --                           ; --          ; --             ;
; IP_TOOL_VERSION                    ; 8.1                                            ; --                           ; --          ; --             ;
; IP_TOOL_VERSION                    ; 8.1                                            ; --                           ; --          ; --             ;
; IP_TOOL_VERSION                    ; 8.1                                            ; --                           ; --          ; --             ;
; IP_TOOL_VERSION                    ; 8.1                                            ; --                           ; --          ; --             ;
; IP_TOOL_VERSION                    ; 8.1                                            ; --                           ; --          ; --             ;
; IP_TOOL_VERSION                    ; 8.1                                            ; --                           ; --          ; --             ;
; IP_TOOL_VERSION                    ; 8.1                                            ; --                           ; --          ; --             ;
; IP_TOOL_VERSION                    ; 8.1                                            ; --                           ; --          ; --             ;
; IP_TOOL_VERSION                    ; 8.1                                            ; --                           ; --          ; --             ;
; IP_TOOL_VERSION                    ; 8.1                                            ; --                           ; --          ; --             ;
; IP_TOOL_VERSION                    ; 8.1                                            ; --                           ; --          ; --             ;
; IP_TOOL_VERSION                    ; 8.1                                            ; --                           ; --          ; --             ;
; MISC_FILE                          ; lpm_dff0.tdf                                   ; --                           ; --          ; --             ;
; MISC_FILE                          ; lpm_dff0.bsf                                   ; --                           ; --          ; --             ;
; MISC_FILE                          ; lpm_dff0.inc                                   ; --                           ; --          ; --             ;
; MISC_FILE                          ; lpm_dff1.tdf                                   ; --                           ; --          ; --             ;
; MISC_FILE                          ; lpm_dff1.bsf                                   ; --                           ; --          ; --             ;
; MISC_FILE                          ; lpm_dff1.inc                                   ; --                           ; --          ; --             ;
; MISC_FILE                          ; lpm_counter0.tdf                               ; --                           ; --          ; --             ;
; MISC_FILE                          ; lpm_counter0.bsf                               ; --                           ; --          ; --             ;
; MISC_FILE                          ; lpm_counter0.inc                               ; --                           ; --          ; --             ;
; MISC_FILE                          ; lpm_compare0.tdf                               ; --                           ; --          ; --             ;
; MISC_FILE                          ; lpm_compare0.bsf                               ; --                           ; --          ; --             ;
; MISC_FILE                          ; lpm_compare0.inc                               ; --                           ; --          ; --             ;
; MISC_FILE                          ; lpm_decode0.tdf                                ; --                           ; --          ; --             ;
; MISC_FILE                          ; lpm_decode0.bsf                                ; --                           ; --          ; --             ;
; MISC_FILE                          ; lpm_decode0.inc                                ; --                           ; --          ; --             ;
; MISC_FILE                          ; lpm_dff2.tdf                                   ; --                           ; --          ; --             ;
; MISC_FILE                          ; lpm_dff2.bsf                                   ; --                           ; --          ; --             ;
; MISC_FILE                          ; lpm_dff2.inc                                   ; --                           ; --          ; --             ;
; MISC_FILE                          ; lpm_dff3.tdf                                   ; --                           ; --          ; --             ;
; MISC_FILE                          ; lpm_dff3.bsf                                   ; --                           ; --          ; --             ;
; MISC_FILE                          ; lpm_dff3.inc                                   ; --                           ; --          ; --             ;
; MISC_FILE                          ; lpm_dff4.tdf                                   ; --                           ; --          ; --             ;
; MISC_FILE                          ; lpm_dff4.bsf                                   ; --                           ; --          ; --             ;
; MISC_FILE                          ; lpm_dff4.inc                                   ; --                           ; --          ; --             ;
; MISC_FILE                          ; lpm_counter1.tdf                               ; --                           ; --          ; --             ;
; MISC_FILE                          ; lpm_counter1.bsf                               ; --                           ; --          ; --             ;
; MISC_FILE                          ; lpm_counter1.inc                               ; --                           ; --          ; --             ;
; MISC_FILE                          ; lpm_compare1.tdf                               ; --                           ; --          ; --             ;
; MISC_FILE                          ; lpm_compare1.bsf                               ; --                           ; --          ; --             ;
; MISC_FILE                          ; lpm_compare1.inc                               ; --                           ; --          ; --             ;
; MISC_FILE                          ; lpm_decode1.tdf                                ; --                           ; --          ; --             ;
; MISC_FILE                          ; lpm_decode1.bsf                                ; --                           ; --          ; --             ;
; MISC_FILE                          ; lpm_decode1.inc                                ; --                           ; --          ; --             ;
; MISC_FILE                          ; lpm_counter2.tdf                               ; --                           ; --          ; --             ;
; MISC_FILE                          ; lpm_counter2.bsf                               ; --                           ; --          ; --             ;
; MISC_FILE                          ; lpm_counter2.inc                               ; --                           ; --          ; --             ;
; MISC_FILE                          ; lpm_mux0.tdf                                   ; --                           ; --          ; --             ;
; MISC_FILE                          ; lpm_mux0.bsf                                   ; --                           ; --          ; --             ;
; MISC_FILE                          ; lpm_mux0.inc                                   ; --                           ; --          ; --             ;
; MISC_FILE                          ; altclklock0.tdf                                ; --                           ; --          ; --             ;
; MISC_FILE                          ; altclklock0.bsf                                ; --                           ; --          ; --             ;
; MISC_FILE                          ; altclklock0.inc                                ; --                           ; --          ; --             ;
; MISC_FILE                          ; altclklock0.ppf                                ; --                           ; --          ; --             ;
; MISC_FILE                          ; lpm_constant0.tdf                              ; --                           ; --          ; --             ;
; MISC_FILE                          ; lpm_constant0.bsf                              ; --                           ; --          ; --             ;
; MISC_FILE                          ; lpm_constant0.inc                              ; --                           ; --          ; --             ;
; MISC_FILE                          ; lpm_decode2.tdf                                ; --                           ; --          ; --             ;
; MISC_FILE                          ; lpm_decode2.bsf                                ; --                           ; --          ; --             ;
; MISC_FILE                          ; lpm_decode2.inc                                ; --                           ; --          ; --             ;
; MISC_FILE                          ; lpm_and0.tdf                                   ; --                           ; --          ; --             ;
; MISC_FILE                          ; lpm_and0.bsf                                   ; --                           ; --          ; --             ;
; MISC_FILE                          ; lpm_and0.inc                                   ; --                           ; --          ; --             ;
; MISC_FILE                          ; lpm_rom0.tdf                                   ; --                           ; --          ; --             ;
; MISC_FILE                          ; lpm_rom0.bsf                                   ; --                           ; --          ; --             ;
; MISC_FILE                          ; lpm_rom0.inc                                   ; --                           ; --          ; --             ;
; MISC_FILE                          ; D:/Development/AES/aes_quartus/aes_quartus.dpf ; --                           ; --          ; --             ;
; MISC_FILE                          ; lpm_dff5.tdf                                   ; --                           ; --          ; --             ;
; MISC_FILE                          ; lpm_dff5.bsf                                   ; --                           ; --          ; --             ;
; MISC_FILE                          ; lpm_dff5.inc                                   ; --                           ; --          ; --             ;
; MISC_FILE                          ; lpm_counter3.tdf                               ; --                           ; --          ; --             ;
; MISC_FILE                          ; lpm_counter3.bsf                               ; --                           ; --          ; --             ;
; MISC_FILE                          ; lpm_counter3.inc                               ; --                           ; --          ; --             ;
; MISC_FILE                          ; lpm_dff6.tdf                                   ; --                           ; --          ; --             ;
; MISC_FILE                          ; lpm_dff6.bsf                                   ; --                           ; --          ; --             ;
; MISC_FILE                          ; lpm_dff6.inc                                   ; --                           ; --          ; --             ;
; MISC_FILE                          ; lpm_rom1.tdf                                   ; --                           ; --          ; --             ;
; MISC_FILE                          ; lpm_rom1.bsf                                   ; --                           ; --          ; --             ;
; MISC_FILE                          ; lpm_rom1.inc                                   ; --                           ; --          ; --             ;
; MISC_FILE                          ; lpm_add_sub0.tdf                               ; --                           ; --          ; --             ;
; MISC_FILE                          ; lpm_add_sub0.bsf                               ; --                           ; --          ; --             ;
; MISC_FILE                          ; lpm_add_sub0.inc                               ; --                           ; --          ; --             ;
; MISC_FILE                          ; lpm_xor0.tdf                                   ; --                           ; --          ; --             ;
; MISC_FILE                          ; lpm_xor0.bsf                                   ; --                           ; --          ; --             ;
; MISC_FILE                          ; lpm_xor0.inc                                   ; --                           ; --          ; --             ;
; MISC_FILE                          ; lpm_mult0.tdf                                  ; --                           ; --          ; --             ;
; MISC_FILE                          ; lpm_mult0.bsf                                  ; --                           ; --          ; --             ;
; MISC_FILE                          ; lpm_mult0.inc                                  ; --                           ; --          ; --             ;
; MISC_FILE                          ; lpm_dff7.tdf                                   ; --                           ; --          ; --             ;
; MISC_FILE                          ; lpm_dff7.bsf                                   ; --                           ; --          ; --             ;
; MISC_FILE                          ; lpm_dff7.inc                                   ; --                           ; --          ; --             ;
; MISC_FILE                          ; lpm_constant1.tdf                              ; --                           ; --          ; --             ;
; MISC_FILE                          ; lpm_constant1.bsf                              ; --                           ; --          ; --             ;
; MISC_FILE                          ; lpm_constant1.inc                              ; --                           ; --          ; --             ;
; MISC_FILE                          ; lpm_mult1.tdf                                  ; --                           ; --          ; --             ;
; MISC_FILE                          ; lpm_mult1.bsf                                  ; --                           ; --          ; --             ;
; MISC_FILE                          ; lpm_mult1.inc                                  ; --                           ; --          ; --             ;
; MISC_FILE                          ; lpm_mult2.tdf                                  ; --                           ; --          ; --             ;
; MISC_FILE                          ; lpm_mult2.bsf                                  ; --                           ; --          ; --             ;
; MISC_FILE                          ; lpm_mult2.inc                                  ; --                           ; --          ; --             ;
; MISC_FILE                          ; lpm_add_sub1.tdf                               ; --                           ; --          ; --             ;
; MISC_FILE                          ; lpm_add_sub1.bsf                               ; --                           ; --          ; --             ;
; MISC_FILE                          ; lpm_add_sub1.inc                               ; --                           ; --          ; --             ;
; MISC_FILE                          ; lpm_mult3.tdf                                  ; --                           ; --          ; --             ;
; MISC_FILE                          ; lpm_mult3.bsf                                  ; --                           ; --          ; --             ;
; MISC_FILE                          ; lpm_mult3.inc                                  ; --                           ; --          ; --             ;
; MISC_FILE                          ; lpm_constant2.tdf                              ; --                           ; --          ; --             ;
; MISC_FILE                          ; lpm_constant2.bsf                              ; --                           ; --          ; --             ;
; MISC_FILE                          ; lpm_constant2.inc                              ; --                           ; --          ; --             ;
; MISC_FILE                          ; lpm_mult4.tdf                                  ; --                           ; --          ; --             ;
; MISC_FILE                          ; lpm_mult4.bsf                                  ; --                           ; --          ; --             ;
; MISC_FILE                          ; lpm_mult4.inc                                  ; --                           ; --          ; --             ;
; MISC_FILE                          ; lpm_add_sub2.tdf                               ; --                           ; --          ; --             ;
; MISC_FILE                          ; lpm_add_sub2.bsf                               ; --                           ; --          ; --             ;
; MISC_FILE                          ; lpm_add_sub2.inc                               ; --                           ; --          ; --             ;
; MISC_FILE                          ; lpm_add_sub3.tdf                               ; --                           ; --          ; --             ;
; MISC_FILE                          ; lpm_add_sub3.bsf                               ; --                           ; --          ; --             ;
; MISC_FILE                          ; lpm_add_sub3.inc                               ; --                           ; --          ; --             ;
; MISC_FILE                          ; lpm_add_sub4.tdf                               ; --                           ; --          ; --             ;
; MISC_FILE                          ; lpm_add_sub4.bsf                               ; --                           ; --          ; --             ;
; MISC_FILE                          ; lpm_add_sub4.inc                               ; --                           ; --          ; --             ;
; MISC_FILE                          ; lpm_add_sub5.tdf                               ; --                           ; --          ; --             ;
; MISC_FILE                          ; lpm_add_sub5.bsf                               ; --                           ; --          ; --             ;
; MISC_FILE                          ; lpm_add_sub5.inc                               ; --                           ; --          ; --             ;
; MISC_FILE                          ; lpm_add_sub6.tdf                               ; --                           ; --          ; --             ;
; MISC_FILE                          ; lpm_add_sub6.bsf                               ; --                           ; --          ; --             ;
; MISC_FILE                          ; lpm_add_sub6.inc                               ; --                           ; --          ; --             ;
; MISC_FILE                          ; lpm_add_sub7.tdf                               ; --                           ; --          ; --             ;
; MISC_FILE                          ; lpm_add_sub7.bsf                               ; --                           ; --          ; --             ;
; MISC_FILE                          ; lpm_add_sub7.inc                               ; --                           ; --          ; --             ;
; MISC_FILE                          ; lpm_or0.tdf                                    ; --                           ; --          ; --             ;
; MISC_FILE                          ; lpm_or0.bsf                                    ; --                           ; --          ; --             ;
; MISC_FILE                          ; lpm_or0.inc                                    ; --                           ; --          ; --             ;
; MISC_FILE                          ; lpm_xor1.tdf                                   ; --                           ; --          ; --             ;
; MISC_FILE                          ; lpm_xor1.bsf                                   ; --                           ; --          ; --             ;
; MISC_FILE                          ; lpm_xor1.inc                                   ; --                           ; --          ; --             ;
; MISC_FILE                          ; lpm_add_sub8.tdf                               ; --                           ; --          ; --             ;
; MISC_FILE                          ; lpm_add_sub8.bsf                               ; --                           ; --          ; --             ;
; MISC_FILE                          ; lpm_add_sub8.inc                               ; --                           ; --          ; --             ;
; MISC_FILE                          ; lpm_add_sub9.tdf                               ; --                           ; --          ; --             ;
; MISC_FILE                          ; lpm_add_sub9.bsf                               ; --                           ; --          ; --             ;
; MISC_FILE                          ; lpm_add_sub9.inc                               ; --                           ; --          ; --             ;
; MISC_FILE                          ; lpm_add_sub10.tdf                              ; --                           ; --          ; --             ;
; MISC_FILE                          ; lpm_add_sub10.bsf                              ; --                           ; --          ; --             ;
; MISC_FILE                          ; lpm_add_sub10.inc                              ; --                           ; --          ; --             ;
; MISC_FILE                          ; lpm_add_sub11.tdf                              ; --                           ; --          ; --             ;
; MISC_FILE                          ; lpm_add_sub11.bsf                              ; --                           ; --          ; --             ;
; MISC_FILE                          ; lpm_add_sub11.inc                              ; --                           ; --          ; --             ;
; MISC_FILE                          ; lpm_add_sub12.tdf                              ; --                           ; --          ; --             ;
; MISC_FILE                          ; lpm_add_sub12.bsf                              ; --                           ; --          ; --             ;
; MISC_FILE                          ; lpm_add_sub12.inc                              ; --                           ; --          ; --             ;
; MISC_FILE                          ; lpm_add_sub13.tdf                              ; --                           ; --          ; --             ;
; MISC_FILE                          ; lpm_add_sub13.bsf                              ; --                           ; --          ; --             ;
; MISC_FILE                          ; lpm_add_sub13.inc                              ; --                           ; --          ; --             ;
; MISC_FILE                          ; lpm_add_sub14.tdf                              ; --                           ; --          ; --             ;
; MISC_FILE                          ; lpm_add_sub14.bsf                              ; --                           ; --          ; --             ;
; MISC_FILE                          ; lpm_add_sub14.inc                              ; --                           ; --          ; --             ;
; MISC_FILE                          ; lpm_add_sub15.tdf                              ; --                           ; --          ; --             ;
; MISC_FILE                          ; lpm_add_sub15.bsf                              ; --                           ; --          ; --             ;
; MISC_FILE                          ; lpm_add_sub15.inc                              ; --                           ; --          ; --             ;
; MISC_FILE                          ; lpm_add_sub16.tdf                              ; --                           ; --          ; --             ;
; MISC_FILE                          ; lpm_add_sub16.bsf                              ; --                           ; --          ; --             ;
; MISC_FILE                          ; lpm_add_sub16.inc                              ; --                           ; --          ; --             ;
; MISC_FILE                          ; lpm_add_sub17.tdf                              ; --                           ; --          ; --             ;
; MISC_FILE                          ; lpm_add_sub17.bsf                              ; --                           ; --          ; --             ;
; MISC_FILE                          ; lpm_add_sub17.inc                              ; --                           ; --          ; --             ;
; MISC_FILE                          ; lpm_add_sub18.tdf                              ; --                           ; --          ; --             ;
; MISC_FILE                          ; lpm_add_sub18.bsf                              ; --                           ; --          ; --             ;
; MISC_FILE                          ; lpm_add_sub18.inc                              ; --                           ; --          ; --             ;
; MISC_FILE                          ; lpm_add_sub19.tdf                              ; --                           ; --          ; --             ;
; MISC_FILE                          ; lpm_add_sub19.bsf                              ; --                           ; --          ; --             ;
; MISC_FILE                          ; lpm_add_sub19.inc                              ; --                           ; --          ; --             ;
; MISC_FILE                          ; lpm_add_sub20.tdf                              ; --                           ; --          ; --             ;
; MISC_FILE                          ; lpm_add_sub20.bsf                              ; --                           ; --          ; --             ;
; MISC_FILE                          ; lpm_add_sub20.inc                              ; --                           ; --          ; --             ;
; MISC_FILE                          ; lpm_add_sub21.tdf                              ; --                           ; --          ; --             ;
; MISC_FILE                          ; lpm_add_sub21.bsf                              ; --                           ; --          ; --             ;
; MISC_FILE                          ; lpm_add_sub21.inc                              ; --                           ; --          ; --             ;
; MISC_FILE                          ; lpm_constant3.tdf                              ; --                           ; --          ; --             ;
; MISC_FILE                          ; lpm_constant3.bsf                              ; --                           ; --          ; --             ;
; MISC_FILE                          ; lpm_constant3.inc                              ; --                           ; --          ; --             ;
; MISC_FILE                          ; lpm_compare2.tdf                               ; --                           ; --          ; --             ;
; MISC_FILE                          ; lpm_compare2.bsf                               ; --                           ; --          ; --             ;
; MISC_FILE                          ; lpm_compare2.inc                               ; --                           ; --          ; --             ;
; MISC_FILE                          ; lpm_dff8.tdf                                   ; --                           ; --          ; --             ;
; MISC_FILE                          ; lpm_dff8.bsf                                   ; --                           ; --          ; --             ;
; MISC_FILE                          ; lpm_dff8.inc                                   ; --                           ; --          ; --             ;
; MISC_FILE                          ; lpm_dff9.tdf                                   ; --                           ; --          ; --             ;
; MISC_FILE                          ; lpm_dff9.bsf                                   ; --                           ; --          ; --             ;
; MISC_FILE                          ; lpm_dff9.inc                                   ; --                           ; --          ; --             ;
; MISC_FILE                          ; lpm_shiftreg0.tdf                              ; --                           ; --          ; --             ;
; MISC_FILE                          ; lpm_shiftreg0.bsf                              ; --                           ; --          ; --             ;
; MISC_FILE                          ; lpm_shiftreg0.inc                              ; --                           ; --          ; --             ;
; MISC_FILE                          ; lpm_clshift0.tdf                               ; --                           ; --          ; --             ;
; MISC_FILE                          ; lpm_clshift0.bsf                               ; --                           ; --          ; --             ;
; MISC_FILE                          ; lpm_clshift0.inc                               ; --                           ; --          ; --             ;
; MISC_FILE                          ; lpm_constant4.tdf                              ; --                           ; --          ; --             ;
; MISC_FILE                          ; lpm_constant4.bsf                              ; --                           ; --          ; --             ;
; MISC_FILE                          ; lpm_constant4.inc                              ; --                           ; --          ; --             ;
; MISC_FILE                          ; lpm_xor2.tdf                                   ; --                           ; --          ; --             ;
; MISC_FILE                          ; lpm_xor2.bsf                                   ; --                           ; --          ; --             ;
; MISC_FILE                          ; lpm_xor2.inc                                   ; --                           ; --          ; --             ;
; MISC_FILE                          ; lpm_mux1.tdf                                   ; --                           ; --          ; --             ;
; MISC_FILE                          ; lpm_mux1.bsf                                   ; --                           ; --          ; --             ;
; MISC_FILE                          ; lpm_mux1.inc                                   ; --                           ; --          ; --             ;
; MISC_FILE                          ; lpm_constant5.tdf                              ; --                           ; --          ; --             ;
; MISC_FILE                          ; lpm_constant5.bsf                              ; --                           ; --          ; --             ;
; MISC_FILE                          ; lpm_constant5.inc                              ; --                           ; --          ; --             ;
; MISC_FILE                          ; lpm_constant6.tdf                              ; --                           ; --          ; --             ;
; MISC_FILE                          ; lpm_constant6.bsf                              ; --                           ; --          ; --             ;
; MISC_FILE                          ; lpm_constant6.inc                              ; --                           ; --          ; --             ;
; MISC_FILE                          ; lpm_dff10.tdf                                  ; --                           ; --          ; --             ;
; MISC_FILE                          ; lpm_dff10.bsf                                  ; --                           ; --          ; --             ;
; MISC_FILE                          ; lpm_dff10.inc                                  ; --                           ; --          ; --             ;
; MISC_FILE                          ; lpm_dff11.tdf                                  ; --                           ; --          ; --             ;
; MISC_FILE                          ; lpm_dff11.bsf                                  ; --                           ; --          ; --             ;
; MISC_FILE                          ; lpm_dff11.inc                                  ; --                           ; --          ; --             ;
; MISC_FILE                          ; lpm_dff12.tdf                                  ; --                           ; --          ; --             ;
; MISC_FILE                          ; lpm_dff12.bsf                                  ; --                           ; --          ; --             ;
; MISC_FILE                          ; lpm_dff12.inc                                  ; --                           ; --          ; --             ;
; MISC_FILE                          ; lpm_constant7.tdf                              ; --                           ; --          ; --             ;
; MISC_FILE                          ; lpm_constant7.bsf                              ; --                           ; --          ; --             ;
; MISC_FILE                          ; lpm_constant7.inc                              ; --                           ; --          ; --             ;
; MISC_FILE                          ; lpm_constant8.tdf                              ; --                           ; --          ; --             ;
; MISC_FILE                          ; lpm_constant8.bsf                              ; --                           ; --          ; --             ;
; MISC_FILE                          ; lpm_constant8.inc                              ; --                           ; --          ; --             ;
; MISC_FILE                          ; lpm_xor3.tdf                                   ; --                           ; --          ; --             ;
; MISC_FILE                          ; lpm_xor3.bsf                                   ; --                           ; --          ; --             ;
; MISC_FILE                          ; lpm_xor3.inc                                   ; --                           ; --          ; --             ;
; MISC_FILE                          ; lpm_xor4.tdf                                   ; --                           ; --          ; --             ;
; MISC_FILE                          ; lpm_xor4.bsf                                   ; --                           ; --          ; --             ;
; MISC_FILE                          ; lpm_xor4.inc                                   ; --                           ; --          ; --             ;
; MISC_FILE                          ; lpm_constant9.tdf                              ; --                           ; --          ; --             ;
; MISC_FILE                          ; lpm_constant9.bsf                              ; --                           ; --          ; --             ;
; MISC_FILE                          ; lpm_constant9.inc                              ; --                           ; --          ; --             ;
; OPTIMIZE_HOLD_TIMING               ; IO Paths and Minimum TPD Paths                 ; --                           ; --          ; --             ;
; PARTITION_COLOR                    ; 16764057                                       ; --                           ; --          ; Top            ;
; PARTITION_NETLIST_TYPE             ; SOURCE                                         ; --                           ; --          ; Top            ;
; USE_GENERATED_PHYSICAL_CONSTRAINTS ; Off                                            ; --                           ; --          ; eda_blast_fpga ;
+------------------------------------+------------------------------------------------+------------------------------+-------------+----------------+


+--------------------------------------------------------------------------------------------------------------------------+
; Flow Elapsed Time                                                                                                        ;
+----------------------+--------------+-------------------------+---------------------+------------------------------------+
; Module Name          ; Elapsed Time ; Average Processors Used ; Peak Virtual Memory ; Total CPU Time (on all processors) ;
+----------------------+--------------+-------------------------+---------------------+------------------------------------+
; Analysis & Synthesis ; 00:01:42     ; 1.0                     ; 425 MB              ; 00:01:40                           ;
; Fitter               ; 00:00:04     ; 1.0                     ; 303 MB              ; 00:00:03                           ;
; Total                ; 00:01:46     ; --                      ; --                  ; 00:01:43                           ;
+----------------------+--------------+-------------------------+---------------------+------------------------------------+


+---------------------------------------------------------------------------------------+
; Flow OS Summary                                                                       ;
+----------------------+------------------+---------------+------------+----------------+
; Module Name          ; Machine Hostname ; OS Name       ; OS Version ; Processor type ;
+----------------------+------------------+---------------+------------+----------------+
; Analysis & Synthesis ; DESKTOP-BQ692QE  ; Windows Vista ; 6.2        ; x86_64         ;
; Fitter               ; DESKTOP-BQ692QE  ; Windows Vista ; 6.2        ; x86_64         ;
+----------------------+------------------+---------------+------------+----------------+


------------
; Flow Log ;
------------
quartus_map --read_settings_files=on --write_settings_files=off aes_quartus -c aes_quartus
quartus_fit --read_settings_files=off --write_settings_files=off aes_quartus -c aes_quartus



